<feed xmlns="http://www.w3.org/2005/Atom"><id>https://sebastiandedeyne.com</id><link href="https://sebastiandedeyne.com"><title>My Feed</title><entry><title><![CDATA[Hello, world!]]></title><link rel="alternate" href="https://sebastiandedeyne.com/hello-world"><id></id><author><name><![CDATA[Sebastian De Deyne]]></name></author><summary type="html"><![CDATA[Just saying hi!]]></summary></entry></feed>